// Jest Snapshot v1, https://goo.gl/fbAQLP

exports[`Pruebas en <GitItem/> Debe hacer match con el snapshot 1`] = `
<div>
  <div
    class="max-w-sm bg-white border-gray-200 rounded-lg   dark:bg-[#1f1f1f] drop-shadow-xl "
  >
    <img
      alt="saitama"
      class="rounded-t-lg "
      src="https://one-punch.com/saitama.jpg"
    />
    <h5
      class="font-bold text-md text-center text-white p-2"
    >
      saitama
    </h5>
  </div>
</div>
`;
